Turbo Assembler	 Version 4.1	    02/09/21 00:24:51	    Page 1
hello.asm



      1	0000			     .model tiny
      2	0000			     .code
      3				     org 100h
      4
      5	0100  B4 09		     start:  mov ah, 09h
      6	0102  BA 010Br			     mov dx, offset Msg
      7	0105  CD 21			     int 21h
      8
      9	0107  B4 4C			     mov ah, 4ch
     10	0109  CD 21			     int 21h
     11
     12	010B  48 65 6C 6C 6F 2C	20+  Msg     db	"Hello,	Ded!", 0dh, 0ah, '$'
     13	      44 65 64 21 0D 0A	24
     14
     15				     end     start
Turbo Assembler	 Version 4.1	    02/09/21 00:24:51	    Page 2
Symbol Table




Symbol Name			  Type	 Value

??DATE				  Text	 "02/09/21"
??FILENAME			  Text	 "hello	  "
??TIME				  Text	 "00:24:51"
??VERSION			  Number 040A
@32BIT				  Text	 0
@CODE				  Text	 DGROUP
@CODESIZE			  Text	 0
@CPU				  Text	 0101H
@CURSEG				  Text	 _TEXT
@DATA				  Text	 DGROUP
@DATASIZE			  Text	 0
@FILENAME			  Text	 HELLO
@INTERFACE			  Text	 000H
@MODEL				  Text	 1
@STACK				  Text	 DGROUP
@WORDSIZE			  Text	 2
MSG				  Byte	 DGROUP:010B
START				  Near	 DGROUP:0100

Groups & Segments		  Bit Size Align  Combine Class

DGROUP				  Group
  _DATA				  16  0000 Word	  Public  DATA
  _TEXT				  16  0119 Word	  Public  CODE
